// Jest Snapshot v1, https://goo.gl/fbAQLP

exports[`Dialog should render default correctly 1`] = `
<!--teleport start-->
<!--teleport end-->
`;

exports[`Dialog should render prop showCancel=false correctly 1`] = `
<!--teleport start-->
<!--teleport end-->
`;
