// Jest Snapshot v1, https://goo.gl/fbAQLP

exports[`Dropdown should render default correctly 1`] = `<anonymous-stub to="body"></anonymous-stub>`;
