// Jest Snapshot v1, https://goo.gl/fbAQLP

exports[`PopDialog should render default correctly 1`] = `
<!--teleport start-->
<!--teleport end-->
`;

exports[`PopDialog should render prop showCancel=false correctly 1`] = `
<!--teleport start-->
<!--teleport end-->
`;
