// Jest Snapshot v1, https://goo.gl/fbAQLP

exports[`Swiper Swiper should render default correctly 1`] = `
<div class="fx-swiper" style="position: relative;">
  <div class="fx-swiper_list"></div>
  <div class="fx-swiper_indicators" style="display: none;"></div>
  <!--v-if-->
  <!--v-if--><object style="display: block; position: absolute; top: 0px; left: 0px; width: 100%; height: 100%; padding: 0px; margin: 0px; opacity: 0; z-index: -1000; pointer-events: none; visibility: hidden;" tabindex="-1" type="text/html" aria-hidden="true" data="about:blank"></object>
</div>
`;

exports[`Swiper SwiperItem should render default correctly 1`] = `<div class="fx-swiper-item">content</div>`;
