// Jest Snapshot v1, https://goo.gl/fbAQLP

exports[`DatePickerView should render default correctly 1`] = `<picker-view-stub options="" fieldnames="[object Object]" class="fx-date-picker-view"></picker-view-stub>`;
