// Jest Snapshot v1, https://goo.gl/fbAQLP

exports[`LoadMore should render default correctly 1`] = `
<div class="fx-load-more fx-horizontal-hairline">
  <!--v-if--><span class="fx-load-more_content"><i class="fx-load-more_dot"></i></span>
</div>
`;
