// Jest Snapshot v1, https://goo.gl/fbAQLP

exports[`Stepper should render default correctly 1`] = `
<div class="fx-stepper">
  <button-stub icon="MinusOutlined" size="small" shape="square" loading="false" disabled="true" ghost="false" transparent="false"></button-stub><input class="fx-stepper_input" type="text" inputmode="decimal" name="">
  <button-stub icon="PlusOutlined" size="small" shape="square" loading="false" disabled="false" ghost="false" transparent="false"></button-stub>
</div>
`;

exports[`Stepper should render prop disabled=true correctly 1`] = `
<div class="fx-stepper disabled">
  <button-stub icon="MinusOutlined" size="small" shape="square" loading="false" disabled="true" ghost="false" transparent="false"></button-stub><input class="fx-stepper_input" type="text" inputmode="decimal" name="" disabled="">
  <button-stub icon="PlusOutlined" size="small" shape="square" loading="false" disabled="true" ghost="false" transparent="false"></button-stub>
</div>
`;
