// Jest Snapshot v1, https://goo.gl/fbAQLP

exports[`Avatar should render default correctly 1`] = `<fx-badge-stub class="fx-avatar size--middle shape--circle color--default" offset="0,0"></fx-badge-stub>`;
