// Jest Snapshot v1, https://goo.gl/fbAQLP

exports[`Calendar should render default correctly 1`] = `
<div class="fx-calendar">
  <div class="fx-input">
    <div class="fx-input_input placeholder"></div><svg class="fx-icon fx-input_arrow">
      <use xlink:href="#icon-RightOutlined"></use>
    </svg><input class="fx-input_cover fx-form-input" type="text" readonly="" name="">
  </div>
  <!--v-if-->
</div>
`;
