// Jest Snapshot v1, https://goo.gl/fbAQLP

exports[`FlatList should render default slot correctly 1`] = `<fx-scroll-view-stub class="fx-flat-list"><object style="display: block; position: absolute; top: 0px; left: 0px; width: 100%; height: 100%; padding: 0px; margin: 0px; opacity: 0; z-index: -1000; pointer-events: none;" tabindex="-1" type="text/html" aria-hidden="true" data="about:blank"></object></fx-scroll-view-stub>`;
