// Jest Snapshot v1, https://goo.gl/fbAQLP

exports[`DatePicker should render default correctly 1`] = `
<div class="fx-picker">
  <picker-input-stub formlabelstring="" formvaluestring="" formname="" placeholder="" disabled="false"></picker-input-stub>
  <!--v-if-->
</div>
`;
