// Jest Snapshot v1, https://goo.gl/fbAQLP

exports[`FlatList should render default slot correctly 1`] = `<scroll-view-stub scrollx="false" scrolly="true" scrollanimated="false" upperthreshold="50" lowerthreshold="0" enablepulldirections="" pullrefreshthreshold="48" lowerloading="false" class="fx-flat-list" style="position: relative;"><object style="display: block; position: absolute; top: 0px; left: 0px; width: 100%; height: 100%; padding: 0px; margin: 0px; opacity: 0; z-index: -1000; pointer-events: none; visibility: hidden;" tabindex="-1" type="text/html" aria-hidden="true" data="about:blank"></object></scroll-view-stub>`;
