// Jest Snapshot v1, https://goo.gl/fbAQLP

exports[`Drawer should render prop title="Drawer" correctly 1`] = `
<!--teleport start-->
<!--teleport end-->
`;
