// Jest Snapshot v1, https://goo.gl/fbAQLP

exports[`Empty should render prop set description correctly 1`] = `
<div class="fx-empty"><img class="fx-empty_image" src="https://cdn.fox2.cn/vfox/empty/default@3x.png">
  <p class="fx-empty_description">description</p>
</div>
`;

exports[`Empty should render set image slot correctly 1`] = `
<div class="fx-empty">
  <div class="fx-image">
    <!--v-if--><i class="fx-image_loading">
      <icon-stub icon="ImageOutlined" spin="false" width="0" height="0"></icon-stub>
    </i>
    <!--v-if-->
    <!--v-if-->
  </div>
  <p class="fx-empty_description">description</p>
</div>
`;
