// Jest Snapshot v1, https://goo.gl/fbAQLP

exports[`Button should render add icon correctly 1`] = `
<button type="button" class="fx-button type--default size--large pattern--default shape--rectangle has--icon">
  <icon-stub icon="EditOutlined" size="0" width="0" height="0"></icon-stub> <span>content</span>
</button>
`;

exports[`Button should render default slot correctly 1`] = `
<button type="button" class="fx-button type--default size--large pattern--default shape--rectangle">
  <!----> <span>content</span>
</button>
`;

exports[`ButtonGroup should render 2 buttons slot correctly 1`] = `
<div class="fx-button-group size--large pattern--default shape--rectangle count--1"><button type="button" class="fx-button type--default size--large pattern--default shape--rectangle">
    <!----> <span>按钮</span>
  </button><button type="button" class="fx-button type--default size--large pattern--default shape--rectangle">
    <!----> <span>按钮</span>
  </button></div>
`;
